HOPLAB     0.000 STATE HopBleLab macOS CLI starting (service=7ED70001-3C2A-4F19-9B8E-1A2B3C4D5E6F)
HOPLAB     0.000 STATE node-start myId=61af26adcd90516ac46660fe817371df (greater-nodeId dials)
HOPLAB     0.041 STATE central state=poweredOn
HOPLAB     0.041 STATE central scan-started service=7ED70001-3C2A-4F19-9B8E-1A2B3C4D5E6F
HOPLAB     0.057 STATE peripheral state=poweredOn
HOPLAB     0.057 STATE peripheral gatt-service-added
HOPLAB     0.057 STATE peripheral l2cap-published psm=192
HOPLAB     0.057 STATE peripheral advertising-SUPPRESSED (HOPLAB_NO_ADV) — central-only diagnostic
HOPLAB     0.177 STATE discovered id=80CBA074 prefix=cde4a9623c01 rssi=-54 decision=WAIT
HOPLAB     0.178 STATE discovered id=80CBA074 prefix=cde4a9623c01 rssi=-54 decision=WAIT
HOPLAB     0.728 STATE discovered id=80CBA074 prefix=cde4a9623c01 rssi=-53 decision=WAIT
HOPLAB     0.728 STATE discovered id=80CBA074 prefix=cde4a9623c01 rssi=-53 decision=WAIT
HOPLAB     0.999 STATE discovered id=80CBA074 prefix=cde4a9623c01 rssi=-54 decision=WAIT
HOPLAB     4.293 STATE discovered id=80CBA074 prefix=cde4a9623c01 rssi=-55 decision=WAIT
HOPLAB     4.293 STATE discovered id=80CBA074 prefix=cde4a9623c01 rssi=-55 decision=WAIT
HOPLAB     5.011 STATUS links=0
HOPLAB     5.188 STATE wait-timeout fired -> dialing id=80CBA074
HOPLAB     5.189 STATE DIALING id=80CBA074
HOPLAB     6.882 STATE connected id=80CBA074 — discoverServices(nil)
HOPLAB    10.008 STATUS links=0
HOPLAB    15.009 STATUS links=0
