HOPLAB     0.000 STATE HopBleLab macOS CLI starting (service=7ED70001-3C2A-4F19-9B8E-1A2B3C4D5E6F)
HOPLAB     0.000 STATE node-start myId=88b29c3b4d250d0193db442c59997a0f (greater-nodeId dials)
HOPLAB     0.095 STATE central state=poweredOn
HOPLAB     0.095 STATE central scan-started service=7ED70001-3C2A-4F19-9B8E-1A2B3C4D5E6F
HOPLAB     0.113 STATE peripheral state=poweredOn
HOPLAB     0.113 STATE peripheral gatt-service-added
HOPLAB     0.114 STATE peripheral l2cap-published psm=192
HOPLAB     0.114 STATE peripheral advertising-SUPPRESSED (HOPLAB_NO_ADV) — central-only diagnostic
HOPLAB     2.023 STATE discovered id=80CBA074 prefix=cde4a9623c01 rssi=-53 decision=WAIT
HOPLAB     2.023 STATE discovered id=80CBA074 prefix=cde4a9623c01 rssi=-53 decision=WAIT
HOPLAB     2.572 STATE discovered id=80CBA074 prefix=cde4a9623c01 rssi=-55 decision=WAIT
HOPLAB     2.572 STATE discovered id=80CBA074 prefix=cde4a9623c01 rssi=-55 decision=WAIT
HOPLAB     3.128 STATE discovered id=80CBA074 prefix=cde4a9623c01 rssi=-53 decision=WAIT
HOPLAB     3.128 STATE discovered id=80CBA074 prefix=cde4a9623c01 rssi=-53 decision=WAIT
HOPLAB     5.029 STATUS links=0
HOPLAB     6.424 STATE discovered id=80CBA074 prefix=cde4a9623c01 rssi=-54 decision=WAIT
HOPLAB     6.424 STATE discovered id=80CBA074 prefix=cde4a9623c01 rssi=-54 decision=WAIT
HOPLAB     6.509 STATE wait-timeout fired -> dialing id=80CBA074
HOPLAB     6.510 STATE DIALING id=80CBA074
HOPLAB     7.692 STATE connected id=80CBA074 — discoverServices(nil)
HOPLAB    10.029 STATUS links=0
HOPLAB    15.029 STATUS links=0
HOPLAB    19.109 STATE dial-timeout id=80CBA074
HOPLAB    19.109 STATE COOLDOWN id=80CBA074 backoff=1.6s
HOPLAB    20.029 STATUS links=0
HOPLAB    21.587 STATE discovered id=80CBA074 prefix=cde4a9623c01 rssi=-56 decision=WAIT
HOPLAB    23.228 STATE discovered id=80CBA074 prefix=cde4a9623c01 rssi=-54 decision=WAIT
HOPLAB    23.229 STATE discovered id=80CBA074 prefix=cde4a9623c01 rssi=-54 decision=WAIT
HOPLAB    25.029 STATUS links=0
HOPLAB    25.826 STATE wait-timeout fired -> dialing id=80CBA074
HOPLAB    25.826 STATE DIALING id=80CBA074
HOPLAB    27.193 STATE connected id=80CBA074 — discoverServices(nil)
HOPLAB    30.029 STATUS links=0
